// Jest Snapshot v1, https://goo.gl/fbAQLP

exports[`DataSubmissionInstructions component test Should render correctly 1`] = `
<div
  className="css-scjdyf-DataSubmissionInstructions"
>
  <div
    className="css-1f0od2t-DataSubmissionInstructions"
  >
    <button
      className="MuiButtonBase-root MuiIconButton-root MuiIconButton-sizeMedium css-78trlr-MuiButtonBase-root-MuiIconButton-root"
      disabled={false}
      onBlur={[Function]}
      onClick={[Function]}
      onContextMenu={[Function]}
      onDragLeave={[Function]}
      onFocus={[Function]}
      onKeyDown={[Function]}
      onKeyUp={[Function]}
      onMouseDown={[Function]}
      onMouseLeave={[Function]}
      onMouseUp={[Function]}
      onTouchEnd={[Function]}
      onTouchMove={[Function]}
      onTouchStart={[Function]}
      tabIndex={0}
      type="button"
    >
      <svg
        aria-hidden={true}
        className="MuiSvgIcon-root MuiSvgIcon-fontSizeMedium css-10d54gz-MuiSvgIcon-root"
        data-testid="CloseIcon"
        focusable="false"
        viewBox="0 0 24 24"
      >
        <path
          d="M19 6.41 17.59 5 12 10.59 6.41 5 5 6.41 10.59 12 5 17.59 6.41 19 12 13.41 17.59 19 19 17.59 13.41 12z"
        />
      </svg>
    </button>
  </div>
  <p
    className="MuiTypography-root MuiTypography-body1 css-1thlxsv-MuiTypography-root-BaseText"
  >
    Instructions
  </p>
  <div
    className="css-6cm2mt-DataSubmissionInstructions"
  >
    <p
      className="MuiTypography-root MuiTypography-body1 css-o6df3b-MuiTypography-root-BaseText"
    >
      To provide your MIC values or binary resistant/susceptible calls, please download 
  and use the template below.
    </p>
    <p
      className="MuiTypography-root MuiTypography-body1 css-o6df3b-MuiTypography-root-BaseText"
    >
      Data for binary resistant/susceptible calls and MIC values will be read
  from the excel sheet named "PDST" and "MIC", respectively.
    </p>
    <p
      className="MuiTypography-root MuiTypography-body1 css-o6df3b-MuiTypography-root-BaseText"
    >
      If you provided sample identification labels from the INSDC BioSample 
  database, they will be automatically linked to the publicly 
  available sequencing data.
    </p>
    <p
      className="MuiTypography-root MuiTypography-body1 css-o6df3b-MuiTypography-root-BaseText"
    >
      Otherwise, you will need to upload the sequencing data via the provided
  interface.
    </p>
  </div>
  <button
    className="MuiButton-root MuiButton-outlined MuiButton-outlinedPrimary MuiButton-sizeMedium MuiButton-outlinedSizeMedium MuiButton-disableElevation MuiButtonBase-root css-11ged7r-MuiButtonBase-root-MuiButton-root-AppButton"
    disabled={false}
    onBlur={[Function]}
    onClick={[Function]}
    onContextMenu={[Function]}
    onDragLeave={[Function]}
    onFocus={[Function]}
    onKeyDown={[Function]}
    onKeyUp={[Function]}
    onMouseDown={[Function]}
    onMouseLeave={[Function]}
    onMouseUp={[Function]}
    onTouchEnd={[Function]}
    onTouchMove={[Function]}
    onTouchStart={[Function]}
    tabIndex={0}
    type="button"
  >
    <span
      className="MuiButton-startIcon MuiButton-iconSizeMedium css-1d6wzja-MuiButton-startIcon"
    >
      <span
        aria-hidden={true}
        className="material-icons notranslate MuiIcon-root MuiIcon-fontSizeMedium css-kp9ftd-MuiIcon-root"
      >
        file_download_icon
      </span>
    </span>
    <p
      className="MuiTypography-root MuiTypography-body1 css-3cwtjx-MuiTypography-root-BaseText"
    >
      Download Template
    </p>
  </button>
</div>
`;
