// Jest Snapshot v1, https://goo.gl/fbAQLP

exports[`RemoveResistanceFileRow component test Should render correctly 1`] = `
<div
  className="css-1j3y05o-RemoveResistanceFileRow"
>
  <div
    aria-label="mockFileName"
    aria-labelledby={null}
    className=" css-1nv4tgy-OverflowMuiTooltip"
    data-mui-internal-clone-element={true}
    onBlur={[Function]}
    onFocus={[Function]}
    onTouchEnd={[Function]}
    onTouchStart={[Function]}
  >
    mockFileName
  </div>
  <button
    className="MuiButtonBase-root MuiIconButton-root MuiIconButton-sizeMedium css-78trlr-MuiButtonBase-root-MuiIconButton-root"
    data-testid="remove-btn"
    disabled={false}
    onBlur={[Function]}
    onClick={[MockFunction]}
    onContextMenu={[Function]}
    onDragLeave={[Function]}
    onFocus={[Function]}
    onKeyDown={[Function]}
    onKeyUp={[Function]}
    onMouseDown={[Function]}
    onMouseLeave={[Function]}
    onMouseUp={[Function]}
    onTouchEnd={[Function]}
    onTouchMove={[Function]}
    onTouchStart={[Function]}
    tabIndex={0}
    type="button"
  >
    <svg
      aria-hidden={true}
      className="MuiSvgIcon-root MuiSvgIcon-fontSizeMedium css-1fllrtj-MuiSvgIcon-root"
      data-testid="CloseIcon"
      focusable="false"
      viewBox="0 0 24 24"
    >
      <path
        d="M19 6.41 17.59 5 12 10.59 6.41 5 5 6.41 10.59 12 5 17.59 6.41 19 12 13.41 17.59 19 19 17.59 13.41 12z"
      />
    </svg>
    <span
      className="MuiTouchRipple-root css-8je8zh-MuiTouchRipple-root"
    />
  </button>
</div>
`;
