// Jest Snapshot v1, https://goo.gl/fbAQLP

exports[`PackagePageHeader component test Should render correctly 1`] = `
<td
  aria-sort={null}
  className="MuiTableCell-root MuiTableCell-sizeMedium css-fdrl5-MuiTableCell-root-PackageDataGridCell"
>
  <div
    className="css-1q8goy4-PackagePageHeader"
  >
    <div
      className="css-ipbczk-PackagePageHeader"
    >
      <p
        className="MuiTypography-root MuiTypography-body1 css-1i0qxbv-MuiTypography-root-BaseText"
      >
        mockName
      </p>
      <button
        className="MuiButtonBase-root MuiIconButton-root MuiIconButton-sizeMedium css-eex05t-MuiButtonBase-root-MuiIconButton-root-PackagePageHeader"
        disabled={false}
        onBlur={[Function]}
        onClick={[Function]}
        onContextMenu={[Function]}
        onDragLeave={[Function]}
        onFocus={[Function]}
        onKeyDown={[Function]}
        onKeyUp={[Function]}
        onMouseDown={[Function]}
        onMouseLeave={[Function]}
        onMouseUp={[Function]}
        onTouchEnd={[Function]}
        onTouchMove={[Function]}
        onTouchStart={[Function]}
        tabIndex={0}
        type="button"
      >
        <svg
          aria-hidden={true}
          className="MuiSvgIcon-root MuiSvgIcon-fontSizeMedium css-blm1rk-MuiSvgIcon-root"
          data-testid="ModeEditOutlinedIcon"
          focusable="false"
          viewBox="0 0 24 24"
        >
          <path
            d="M3 21h3.75L17.81 9.94l-3.75-3.75L3 17.25V21zm2-2.92 9.06-9.06.92.92L5.92 19H5v-.92zM18.37 3.29a.9959.9959 0 0 0-1.41 0l-1.83 1.83 3.75 3.75 1.83-1.83c.39-.39.39-1.02 0-1.41l-2.34-2.34z"
          />
        </svg>
      </button>
      <div
        className="css-2comty-VerificationBadge"
      >
        <span
          className="css-1qgkhat-VerificationBadge"
        >
          ✓
        </span>
         
        Approved
      </div>
    </div>
    <div
      className="css-1wgy52n-PackagePageHeader"
    >
      <div
        className="css-1vqvajt-PackagePageHeader"
      >
        <p
          className="MuiTypography-root MuiTypography-body1 css-h80jya-MuiTypography-root-BaseText"
        >
          Package approved
        </p>
      </div>
      <div
        className="css-42vfku-PackagePageHeader"
      >
        <button
          className="MuiButton-root MuiButton-text MuiButton-textPrimary MuiButton-sizeMedium MuiButton-textSizeMedium MuiButton-disableElevation MuiButtonBase-root css-69y89i-MuiButtonBase-root-MuiButton-root-AppButton"
          disabled={false}
          onBlur={[Function]}
          onClick={[Function]}
          onContextMenu={[Function]}
          onDragLeave={[Function]}
          onFocus={[Function]}
          onKeyDown={[Function]}
          onKeyUp={[Function]}
          onMouseDown={[Function]}
          onMouseLeave={[Function]}
          onMouseUp={[Function]}
          onTouchEnd={[Function]}
          onTouchMove={[Function]}
          onTouchStart={[Function]}
          tabIndex={0}
          type="button"
        >
          <p
            className="MuiTypography-root MuiTypography-body1 css-3cwtjx-MuiTypography-root-BaseText"
          >
            Instructions
          </p>
        </button>
        <button
          className="MuiButton-root MuiButton-outlined MuiButton-outlinedPrimary MuiButton-sizeMedium MuiButton-outlinedSizeMedium MuiButton-disableElevation MuiButtonBase-root css-183ubdw-MuiButtonBase-root-MuiButton-root-AppButton"
          disabled={false}
          onBlur={[Function]}
          onClick={[MockFunction]}
          onContextMenu={[Function]}
          onDragLeave={[Function]}
          onFocus={[Function]}
          onKeyDown={[Function]}
          onKeyUp={[Function]}
          onMouseDown={[Function]}
          onMouseLeave={[Function]}
          onMouseUp={[Function]}
          onTouchEnd={[Function]}
          onTouchMove={[Function]}
          onTouchStart={[Function]}
          tabIndex={0}
          type="button"
        >
          <span
            className="MuiButton-startIcon MuiButton-iconSizeMedium css-1d6wzja-MuiButton-startIcon"
          >
            <span
              aria-hidden={true}
              className="material-icons notranslate MuiIcon-root MuiIcon-fontSizeMedium css-kp9ftd-MuiIcon-root"
            >
              comment
            </span>
          </span>
          <p
            className="MuiTypography-root MuiTypography-body1 css-3cwtjx-MuiTypography-root-BaseText"
          >
            Chat with Admin
          </p>
        </button>
        <button
          className="MuiButton-root MuiButton-contained MuiButton-containedPrimary MuiButton-sizeMedium MuiButton-containedSizeMedium MuiButton-disableElevation MuiButtonBase-root Mui-disabled css-1ssn4ui-MuiButtonBase-root-MuiButton-root-AppButton"
          disabled={true}
          onBlur={[Function]}
          onClick={[MockFunction]}
          onContextMenu={[Function]}
          onDragLeave={[Function]}
          onFocus={[Function]}
          onKeyDown={[Function]}
          onKeyUp={[Function]}
          onMouseDown={[Function]}
          onMouseLeave={[Function]}
          onMouseUp={[Function]}
          onTouchEnd={[Function]}
          onTouchMove={[Function]}
          onTouchStart={[Function]}
          tabIndex={-1}
          type="button"
        >
          <p
            className="MuiTypography-root MuiTypography-body1 css-3cwtjx-MuiTypography-root-BaseText"
          >
            Match
          </p>
        </button>
        <button
          className="MuiButton-root MuiButton-contained MuiButton-containedPrimary MuiButton-sizeMedium MuiButton-containedSizeMedium MuiButton-disableElevation MuiButtonBase-root Mui-disabled css-16nrdg9-MuiButtonBase-root-MuiButton-root-AppButton"
          disabled={true}
          onBlur={[Function]}
          onClick={[Function]}
          onContextMenu={[Function]}
          onDragLeave={[Function]}
          onFocus={[Function]}
          onKeyDown={[Function]}
          onKeyUp={[Function]}
          onMouseDown={[Function]}
          onMouseLeave={[Function]}
          onMouseUp={[Function]}
          onTouchEnd={[Function]}
          onTouchMove={[Function]}
          onTouchStart={[Function]}
          tabIndex={-1}
          type="button"
        >
          <p
            className="MuiTypography-root MuiTypography-body1 css-3cwtjx-MuiTypography-root-BaseText"
          >
            Send Package
          </p>
        </button>
      </div>
    </div>
  </div>
</td>
`;
