// Jest Snapshot v1, https://goo.gl/fbAQLP

exports[`ResistanceDataControls component test Should render correctly 1`] = `
<div
  className="css-ut7m7q-ResistanceDataControls"
>
  <p
    className="MuiTypography-root MuiTypography-body1 css-u0plt3-MuiTypography-root-BaseText"
  >
    Attach files here. Carefully follow the template that you can download below.
  </p>
  <div
    className="css-t9pqst-ResistanceDataControls"
  >
    <button
      className="MuiButton-root MuiButton-contained MuiButton-containedPrimary MuiButton-sizeMedium MuiButton-containedSizeMedium MuiButton-disableElevation MuiButtonBase-root css-1ywsdeb-MuiButtonBase-root-MuiButton-root-AppButton"
      disabled={false}
      onBlur={[Function]}
      onClick={[Function]}
      onContextMenu={[Function]}
      onDragLeave={[Function]}
      onFocus={[Function]}
      onKeyDown={[Function]}
      onKeyUp={[Function]}
      onMouseDown={[Function]}
      onMouseLeave={[Function]}
      onMouseUp={[Function]}
      onTouchEnd={[Function]}
      onTouchMove={[Function]}
      onTouchStart={[Function]}
      tabIndex={0}
      type="button"
    >
      <p
        className="MuiTypography-root MuiTypography-body1 css-3cwtjx-MuiTypography-root-BaseText"
      >
        Browse files
      </p>
    </button>
    <button
      className="MuiButton-root MuiButton-outlined MuiButton-outlinedPrimary MuiButton-sizeMedium MuiButton-outlinedSizeMedium MuiButton-disableElevation MuiButtonBase-root css-nbdapf-MuiButtonBase-root-MuiButton-root-AppButton"
      disabled={false}
      onBlur={[Function]}
      onClick={[Function]}
      onContextMenu={[Function]}
      onDragLeave={[Function]}
      onFocus={[Function]}
      onKeyDown={[Function]}
      onKeyUp={[Function]}
      onMouseDown={[Function]}
      onMouseLeave={[Function]}
      onMouseUp={[Function]}
      onTouchEnd={[Function]}
      onTouchMove={[Function]}
      onTouchStart={[Function]}
      tabIndex={0}
      type="button"
    >
      <span
        className="MuiButton-startIcon MuiButton-iconSizeMedium css-1d6wzja-MuiButton-startIcon"
      >
        <span
          aria-hidden={true}
          className="material-icons notranslate MuiIcon-root MuiIcon-fontSizeMedium css-kp9ftd-MuiIcon-root"
        >
          file_download_icon
        </span>
      </span>
      <p
        className="MuiTypography-root MuiTypography-body1 css-3cwtjx-MuiTypography-root-BaseText"
      >
        Download template
      </p>
    </button>
  </div>
  <input
    accept=".xls,.xlsx, application/vnd.openxmlformats-officedocument.spreadsheetml.sheet,application/vnd.ms-excel"
    className="css-1ac8rja-ResistanceDataControls"
    name="file"
    onChange={[MockFunction]}
    type="file"
  />
</div>
`;
