// Jest Snapshot v1, https://goo.gl/fbAQLP

exports[`AppSelectBox component test Should render correctly 1`] = `
<button
  className="MuiButton-root MuiButton-outlined MuiButton-outlinedPrimary MuiButton-sizeMedium MuiButton-outlinedSizeMedium MuiButton-disableElevation MuiButtonBase-root css-sfprtt-MuiButtonBase-root-MuiButton-root-AppButton"
  disabled={false}
  onBlur={[Function]}
  onClick={[Function]}
  onContextMenu={[Function]}
  onDragLeave={[Function]}
  onFocus={[Function]}
  onKeyDown={[Function]}
  onKeyUp={[Function]}
  onMouseDown={[Function]}
  onMouseLeave={[Function]}
  onMouseUp={[Function]}
  onTouchEnd={[Function]}
  onTouchMove={[Function]}
  onTouchStart={[Function]}
  tabIndex={0}
  type="button"
>
  <p
    className="MuiTypography-root MuiTypography-body1 css-3cwtjx-MuiTypography-root-BaseText"
  >
    Select
  </p>
</button>
`;
