// Jest Snapshot v1, https://goo.gl/fbAQLP

exports[`UserValidation component test Should render correctly 1`] = `
<div
  className="css-fmmjw3-AppPaper"
>
  <p
    className="MuiTypography-root MuiTypography-body1 css-f2rd29-MuiTypography-root-BaseText"
  >
    User validation
  </p>
  <p
    className="MuiTypography-root MuiTypography-body1 css-1dmeqf6-MuiTypography-root-BaseText"
  >
    You are waiting for verification. If it takes too long, contact us
  </p>
  <button
    className="MuiButton-root MuiButton-contained MuiButton-containedPrimary MuiButton-sizeMedium MuiButton-containedSizeMedium MuiButton-disableElevation MuiButtonBase-root Mui-disabled css-l4q5pu-MuiButtonBase-root-MuiButton-root-AppButton"
    disabled={true}
    onBlur={[Function]}
    onClick={[Function]}
    onContextMenu={[Function]}
    onDragLeave={[Function]}
    onFocus={[Function]}
    onKeyDown={[Function]}
    onKeyUp={[Function]}
    onMouseDown={[Function]}
    onMouseLeave={[Function]}
    onMouseUp={[Function]}
    onTouchEnd={[Function]}
    onTouchMove={[Function]}
    onTouchStart={[Function]}
    tabIndex={-1}
    type="button"
  >
    <p
      className="MuiTypography-root MuiTypography-body1 css-3cwtjx-MuiTypography-root-BaseText"
    >
      Validate me
    </p>
  </button>
</div>
`;
