// Jest Snapshot v1, https://goo.gl/fbAQLP

exports[`EditableSampleName component test Should render correctly 1`] = `
<div
  className="css-1actu8n-EditableSampleName"
>
  <p
    className="MuiTypography-root MuiTypography-body1 css-vtlwgn-MuiTypography-root-BaseText"
  />
  <button
    className="MuiButtonBase-root MuiIconButton-root MuiIconButton-sizeMedium css-78trlr-MuiButtonBase-root-MuiIconButton-root"
    disabled={false}
    onBlur={[Function]}
    onClick={[Function]}
    onContextMenu={[Function]}
    onDragLeave={[Function]}
    onFocus={[Function]}
    onKeyDown={[Function]}
    onKeyUp={[Function]}
    onMouseDown={[Function]}
    onMouseLeave={[Function]}
    onMouseUp={[Function]}
    onTouchEnd={[Function]}
    onTouchMove={[Function]}
    onTouchStart={[Function]}
    tabIndex={0}
    type="button"
  >
    <svg
      aria-hidden={true}
      className="MuiSvgIcon-root MuiSvgIcon-fontSizeMedium css-1s1qiw1-MuiSvgIcon-root"
      data-testid="ModeEditOutlinedIcon"
      focusable="false"
      viewBox="0 0 24 24"
    >
      <path
        d="M3 21h3.75L17.81 9.94l-3.75-3.75L3 17.25V21zm2-2.92 9.06-9.06.92.92L5.92 19H5v-.92zM18.37 3.29a.9959.9959 0 0 0-1.41 0l-1.83 1.83 3.75 3.75 1.83-1.83c.39-.39.39-1.02 0-1.41l-2.34-2.34z"
      />
    </svg>
  </button>
</div>
`;
