// Jest Snapshot v1, https://goo.gl/fbAQLP

exports[`RegionCharts component test Should render correctly 1`] = `
<div>
  <div
    className="css-3d67wz-RegionCharts"
    onClick={[MockFunction]}
  >
    <div
      className="recharts-wrapper css-t9zoz8-DrugsPieChart"
      role="region"
      style={
        Object {
          "cursor": "default",
          "height": 98,
          "position": "relative",
          "width": 98,
        }
      }
    >
      <svg
        className="recharts-surface"
        cx="50%"
        cy="50%"
        height={98}
        viewBox="0 0 98 98"
        width={98}
      >
        <title />
        <desc />
        <defs>
          <clipPath
            id="recharts3-clip"
          >
            <rect
              height={88}
              width={88}
              x={5}
              y={5}
            />
          </clipPath>
        </defs>
        <g
          className="recharts-layer recharts-pie"
          tabIndex={0}
        >
          <g
            className="recharts-layer"
          >
            <g
              className="recharts-layer recharts-pie-sector"
              onMouseEnter={[Function]}
              onMouseLeave={[Function]}
              tabIndex={-1}
            />
            <g
              className="recharts-layer recharts-pie-sector"
              onMouseEnter={[Function]}
              onMouseLeave={[Function]}
              tabIndex={-1}
            />
            <g
              className="recharts-layer recharts-pie-sector"
              onMouseEnter={[Function]}
              onMouseLeave={[Function]}
              tabIndex={-1}
            />
          </g>
          <text
            className="recharts-text recharts-label"
            fill="#808080"
            offset={5}
            style={
              Object {
                "fontFamily": "SourceSansBold",
                "fontSize": 16,
              }
            }
            textAnchor="middle"
            width={25}
            x={49}
            y={49}
          >
            <tspan
              dy="0.355em"
              x={49}
            >
              1K
            </tspan>
          </text>
        </g>
      </svg>
    </div>
  </div>
</div>
`;
