// Jest Snapshot v1, https://goo.gl/fbAQLP

exports[`RoundButton component test Should render correctly 1`] = `
<button
  className="MuiButtonBase-root MuiIconButton-root MuiIconButton-sizeMedium css-pgl9qq-MuiButtonBase-root-MuiIconButton-root-RoundButton"
  disabled={false}
  onBlur={[Function]}
  onClick={[MockFunction]}
  onContextMenu={[Function]}
  onDragLeave={[Function]}
  onFocus={[Function]}
  onKeyDown={[Function]}
  onKeyUp={[Function]}
  onMouseDown={[Function]}
  onMouseLeave={[Function]}
  onMouseUp={[Function]}
  onTouchEnd={[Function]}
  onTouchMove={[Function]}
  onTouchStart={[Function]}
  tabIndex={0}
  type="button"
>
  <svg
    aria-hidden={true}
    className="MuiSvgIcon-root MuiSvgIcon-fontSizeMedium css-i4bv87-MuiSvgIcon-root"
    data-testid="AddIcon"
    focusable="false"
    viewBox="0 0 24 24"
  >
    <path
      d="M19 13h-6v6h-2v-6H5v-2h6V5h2v6h6v2z"
    />
  </svg>
</button>
`;
