// Jest Snapshot v1, https://goo.gl/fbAQLP

exports[`AppBar component test Should render correctly 1`] = `
<header
  className="MuiPaper-root MuiPaper-elevation MuiPaper-elevation0 MuiAppBar-root MuiAppBar-colorTransparent MuiAppBar-positionSticky css-ec2uxu-MuiPaper-root-MuiAppBar-root-AppBar"
>
  <div
    className="css-1n2ro0c-AppBar"
  >
    <a
      className="MuiTypography-root MuiTypography-inherit MuiLink-root MuiLink-underlineAlways css-1wib7k3-MuiTypography-root-MuiLink-root-AppBar"
      href="/overview"
      onBlur={[Function]}
      onFocus={[Function]}
    >
      <p
        className="MuiTypography-root MuiTypography-body1 css-1i0qxbv-MuiTypography-root-BaseText"
      >
        TB Sequencing
      </p>
    </a>
    <div
      className="css-1wfclej-AppBar"
    >
      <div
        className="css-1xnrgq5-AppBar"
      >
        <button
          aria-haspopup="true"
          className="MuiButton-root MuiButton-text MuiButton-textPrimary MuiButton-sizeMedium MuiButton-textSizeMedium MuiButtonBase-root css-c2ys9b-MuiButtonBase-root-MuiButton-root-AppBar"
          disabled={false}
          id="dropdown-button"
          onBlur={[Function]}
          onClick={[Function]}
          onContextMenu={[Function]}
          onDragLeave={[Function]}
          onFocus={[Function]}
          onKeyDown={[Function]}
          onKeyUp={[Function]}
          onMouseDown={[Function]}
          onMouseLeave={[Function]}
          onMouseUp={[Function]}
          onTouchEnd={[Function]}
          onTouchMove={[Function]}
          onTouchStart={[Function]}
          tabIndex={0}
          type="button"
        >
          Overview
          <span
            className="MuiButton-endIcon MuiButton-iconSizeMedium css-9tj150-MuiButton-endIcon"
          >
            <svg
              aria-hidden={true}
              className="MuiSvgIcon-root MuiSvgIcon-fontSizeMedium css-1qnpn9f-MuiSvgIcon-root-AppBar"
              data-testid="KeyboardArrowDownIcon"
              focusable="false"
              viewBox="0 0 24 24"
            >
              <path
                d="M7.41 8.59 12 13.17l4.59-4.58L18 10l-6 6-6-6 1.41-1.41z"
              />
            </svg>
          </span>
        </button>
      </div>
      <div
        className="MuiTabs-root css-1oujr26-MuiTabs-root"
      >
        <div
          className="MuiTabs-scroller MuiTabs-fixed css-jpln7h-MuiTabs-scroller"
          onScroll={[Function]}
          style={
            Object {
              "marginBottom": -0,
              "overflow": "hidden",
            }
          }
        >
          <div
            aria-orientation={null}
            className="MuiTabs-flexContainer css-heg063-MuiTabs-flexContainer"
            onKeyDown={[Function]}
            role="tablist"
          >
            <button
              aria-selected={false}
              className="MuiButtonBase-root MuiTab-root MuiTab-textColorPrimary css-dpb51x-MuiButtonBase-root-MuiTab-root"
              disabled={false}
              onBlur={[Function]}
              onClick={[Function]}
              onContextMenu={[Function]}
              onDragLeave={[Function]}
              onFocus={[Function]}
              onKeyDown={[Function]}
              onKeyUp={[Function]}
              onMouseDown={[Function]}
              onMouseLeave={[Function]}
              onMouseUp={[Function]}
              onTouchEnd={[Function]}
              onTouchMove={[Function]}
              onTouchStart={[Function]}
              role="tab"
              tabIndex={0}
              type="button"
            >
              Mutation
            </button>
            <button
              aria-selected={false}
              className="MuiButtonBase-root MuiTab-root MuiTab-textColorPrimary css-dpb51x-MuiButtonBase-root-MuiTab-root"
              disabled={false}
              onBlur={[Function]}
              onClick={[Function]}
              onContextMenu={[Function]}
              onDragLeave={[Function]}
              onFocus={[Function]}
              onKeyDown={[Function]}
              onKeyUp={[Function]}
              onMouseDown={[Function]}
              onMouseLeave={[Function]}
              onMouseUp={[Function]}
              onTouchEnd={[Function]}
              onTouchMove={[Function]}
              onTouchStart={[Function]}
              role="tab"
              tabIndex={-1}
              type="button"
            >
              BioSample search
            </button>
            <button
              aria-selected={false}
              className="MuiButtonBase-root MuiTab-root MuiTab-textColorPrimary css-dpb51x-MuiButtonBase-root-MuiTab-root"
              disabled={false}
              onBlur={[Function]}
              onClick={[Function]}
              onContextMenu={[Function]}
              onDragLeave={[Function]}
              onFocus={[Function]}
              onKeyDown={[Function]}
              onKeyUp={[Function]}
              onMouseDown={[Function]}
              onMouseLeave={[Function]}
              onMouseUp={[Function]}
              onTouchEnd={[Function]}
              onTouchMove={[Function]}
              onTouchStart={[Function]}
              role="tab"
              tabIndex={-1}
              type="button"
            >
              Data submission
            </button>
            <button
              aria-selected={false}
              className="MuiButtonBase-root MuiTab-root MuiTab-textColorPrimary css-dpb51x-MuiButtonBase-root-MuiTab-root"
              disabled={false}
              onBlur={[Function]}
              onClick={[Function]}
              onContextMenu={[Function]}
              onDragLeave={[Function]}
              onFocus={[Function]}
              onKeyDown={[Function]}
              onKeyUp={[Function]}
              onMouseDown={[Function]}
              onMouseLeave={[Function]}
              onMouseUp={[Function]}
              onTouchEnd={[Function]}
              onTouchMove={[Function]}
              onTouchStart={[Function]}
              role="tab"
              tabIndex={-1}
              type="button"
            >
              Download
            </button>
          </div>
        </div>
      </div>
    </div>
    <div
      className="css-1y2xnzi-AuthButton"
    >
      <button
        className="MuiButton-root MuiButton-text MuiButton-textPrimary MuiButton-sizeMedium MuiButton-textSizeMedium MuiButtonBase-root css-1onmchy-MuiButtonBase-root-MuiButton-root-AuthButton"
        disabled={false}
        onBlur={[Function]}
        onClick={[Function]}
        onContextMenu={[Function]}
        onDragLeave={[Function]}
        onFocus={[Function]}
        onKeyDown={[Function]}
        onKeyUp={[Function]}
        onMouseDown={[Function]}
        onMouseLeave={[Function]}
        onMouseUp={[Function]}
        onTouchEnd={[Function]}
        onTouchMove={[Function]}
        onTouchStart={[Function]}
        tabIndex={0}
        type="button"
      >
        <span
          className="MuiButton-startIcon MuiButton-iconSizeMedium css-1d6wzja-MuiButton-startIcon"
        >
          <span
            className="css-9rttau-AuthButton"
          >
            <svg
              aria-hidden={true}
              className="MuiSvgIcon-root MuiSvgIcon-fontSizeMedium css-1083c97-MuiSvgIcon-root"
              data-testid="AccountBoxIcon"
              focusable="false"
              viewBox="0 0 24 24"
            >
              <path
                d="M3 5v14c0 1.1.89 2 2 2h14c1.1 0 2-.9 2-2V5c0-1.1-.9-2-2-2H5c-1.11 0-2 .9-2 2zm12 4c0 1.66-1.34 3-3 3s-3-1.34-3-3 1.34-3 3-3 3 1.34 3 3zm-9 8c0-2 4-3.1 6-3.1s6 1.1 6 3.1v1H6v-1z"
              />
            </svg>
          </span>
        </span>
        Sign in
      </button>
    </div>
    <div
      className="css-toebm4-AppBar"
    />
  </div>
</header>
`;
