// Jest Snapshot v1, https://goo.gl/fbAQLP

exports[`TermsOfUse component test Should render correctly 1`] = `
<div
  className="css-7co83u-BasePage"
>
  <p
    className="MuiTypography-root MuiTypography-body1 css-177n4ga-MuiTypography-root-BaseText"
  >
    TBsequencing Database Access Agreement
  </p>
  <div
    className="css-1y50k9a-AppPaper"
  >
    <p
      className="MuiTypography-root MuiTypography-body1 css-1dmeqf6-MuiTypography-root-BaseText"
    >
      If you upload or otherwise submit data, information or other content (User Content) to the Platform, you represent and warrant that you have obtained all necessary permissions and have the authority to upload User Content into the Platform.
    </p>
    <p
      className="MuiTypography-root MuiTypography-body1 css-1dmeqf6-MuiTypography-root-BaseText"
    >
      By uploading User Content you understand and agree that other registered users will have access to your User Content, and may use the content for non-commercial public health purposes.
    </p>
    <p
      className="MuiTypography-root MuiTypography-body1 css-1dmeqf6-MuiTypography-root-BaseText"
    >
      You also agree that WHO may grant permission to other institutions to publish the information, subject to an appropriate acknowledgement of the data source.
    </p>
    <p
      className="MuiTypography-root MuiTypography-body1 css-1dmeqf6-MuiTypography-root-BaseText"
    >
      If you do not wish other users to access or use your User Content, please advise WHO by email tbsequencing@who.int within 30 days of submission and provide details of the data submitted.
    </p>
  </div>
</div>
`;
