// Jest Snapshot v1, https://goo.gl/fbAQLP

exports[`TextButton component test Should render correctly 1`] = `
<button
  className="css-3xplu6-TextButton"
  disabled={false}
  onClick={[MockFunction]}
  type="button"
>
  <p
    className="MuiTypography-root MuiTypography-body1 css-vax9pj-MuiTypography-root-BaseText"
  >
    mockLabel
  </p>
</button>
`;
